WEB@HOME-PC MINGW64 ~/Documents/Center/Work/study/from0to1/marcho
$ npm i

WEB@HOME-PC MINGW64 ~/Documents/Center/Work/study/from0to1/marcho
$ git init
Initialized empty Git repository in C:/Users/WEB/Documents/Center/Work/study/from0to1/marcho/.git/

WEB@HOME-PC MINGW64 ~/Documents/Center/Work/study/from0to1/marcho (master)
$ git add .
warning: LF will be replaced by CRLF in package.json.
The file will have its original line endings in your working directory

WEB@HOME-PC MINGW64 ~/Documents/Center/Work/study/from0to1/marcho (master)
$  git status
On branch master

WEB@HOME-PC MINGW64 ~/Documents/Center/Work/study/from0to1/marcho (master)
$ git commit -m 'start project'

WEB@HOME-PC MINGW64 ~/Documents/Center/Work/study/from0to1/marcho (master)
$ git branch -M main

WEB@HOME-PC MINGW64 ~/Documents/Center/Work/study/from0to1/marcho (main)
$ git remote add origin https://github.com/SoldVit/marcho.git

WEB@HOME-PC MINGW64 ~/Documents/Center/Work/study/from0to1/marcho (main)
$ git push -u origin main

WEB@HOME-PC MINGW64 ~/Documents/Center/Work/study/from0to1/marcho (main)
$ git branch dev

WEB@HOME-PC MINGW64 ~/Documents/Center/Work/study/from0to1/marcho (main)
$ git checkout dev
Switched to branch 'dev'

WEB@HOME-PC MINGW64 ~/Documents/Center/Work/study/from0to1/marcho (dev)
$ gulp


